step     0 | loss: -0.0053 | pg: -0.0054 | kl: 0.0003 | clip: 0.007 | reward: -1.6085 | lr: 6.67e-09 | norm: 0.652 | dt: 366037ms
step     1 | loss: 0.0458 | pg: 0.0457 | kl: 0.0001 | clip: 0.004 | reward: -2.4502 | lr: 1.33e-08 | norm: 0.430 | dt: 229873ms
step     2 | loss: 0.0233 | pg: 0.0232 | kl: 0.0003 | clip: 0.005 | reward: -1.1133 | lr: 2.00e-08 | norm: 0.711 | dt: 308901ms
step     3 | loss: 0.0439 | pg: 0.0437 | kl: 0.0003 | clip: 0.004 | reward: -1.6726 | lr: 2.67e-08 | norm: 0.654 | dt: 324066ms
step     4 | loss: 0.0785 | pg: 0.0785 | kl: 0.0001 | clip: 0.005 | reward: -3.1603 | lr: 3.33e-08 | norm: 0.457 | dt: 252937ms
step     5 | loss: -0.0092 | pg: -0.0093 | kl: 0.0002 | clip: 0.006 | reward: -2.7799 | lr: 4.00e-08 | norm: 0.619 | dt: 241708ms
step     6 | loss: -0.0192 | pg: -0.0193 | kl: 0.0002 | clip: 0.005 | reward: -4.2046 | lr: 4.67e-08 | norm: 0.625 | dt: 283316ms
step     7 | loss: 0.0309 | pg: 0.0309 | kl: 0.0002 | clip: 0.005 | reward: -4.0706 | lr: 5.33e-08 | norm: 0.454 | dt: 142875ms
step     8 | loss: 0.0233 | pg: 0.0232 | kl: 0.0002 | clip: 0.005 | reward: -0.7866 | lr: 6.00e-08 | norm: 0.557 | dt: 304190ms
step     9 | loss: 0.0679 | pg: 0.0679 | kl: 0.0002 | clip: 0.006 | reward: -3.0503 | lr: 6.67e-08 | norm: 0.503 | dt: 295789ms
step    10 | loss: 0.0024 | pg: 0.0022 | kl: 0.0004 | clip: 0.006 | reward: -0.9035 | lr: 7.33e-08 | norm: 0.717 | dt: 358175ms
step    11 | loss: 0.0694 | pg: 0.0693 | kl: 0.0003 | clip: 0.008 | reward: -3.6049 | lr: 8.00e-08 | norm: 0.644 | dt: 285659ms
step    12 | loss: 0.0649 | pg: 0.0648 | kl: 0.0002 | clip: 0.005 | reward: -2.6429 | lr: 8.67e-08 | norm: 0.582 | dt: 265797ms
step    13 | loss: 0.0242 | pg: 0.0241 | kl: 0.0003 | clip: 0.006 | reward: -0.8302 | lr: 9.33e-08 | norm: 0.642 | dt: 324026ms
step    14 | loss: 0.0720 | pg: 0.0719 | kl: 0.0003 | clip: 0.009 | reward: -2.2544 | lr: 1.00e-07 | norm: 0.631 | dt: 407745ms
step    15 | loss: 0.0043 | pg: 0.0042 | kl: 0.0004 | clip: 0.006 | reward: -4.0576 | lr: 1.07e-07 | norm: 0.606 | dt: 306331ms
step    16 | loss: 0.0173 | pg: 0.0173 | kl: 0.0001 | clip: 0.004 | reward: -3.4835 | lr: 1.13e-07 | norm: 0.402 | dt: 277047ms
step    17 | loss: 0.0392 | pg: 0.0391 | kl: 0.0002 | clip: 0.003 | reward: -3.2990 | lr: 1.20e-07 | norm: 0.578 | dt: 249170ms
step    18 | loss: 0.0882 | pg: 0.0881 | kl: 0.0002 | clip: 0.006 | reward: -2.6208 | lr: 1.27e-07 | norm: 0.534 | dt: 272811ms
step    19 | loss: 0.0317 | pg: 0.0316 | kl: 0.0002 | clip: 0.006 | reward: -2.1827 | lr: 1.33e-07 | norm: 0.553 | dt: 294342ms
step    20 | loss: 0.1237 | pg: 0.1236 | kl: 0.0002 | clip: 0.006 | reward: -3.8008 | lr: 1.40e-07 | norm: 0.626 | dt: 329028ms
step    21 | loss: 0.0557 | pg: 0.0556 | kl: 0.0001 | clip: 0.005 | reward: -4.6005 | lr: 1.47e-07 | norm: 0.390 | dt: 126374ms
step    22 | loss: 0.0657 | pg: 0.0656 | kl: 0.0002 | clip: 0.006 | reward: -2.3108 | lr: 1.53e-07 | norm: 0.588 | dt: 290512ms
step    23 | loss: -0.0091 | pg: -0.0092 | kl: 0.0002 | clip: 0.007 | reward: -2.0652 | lr: 1.60e-07 | norm: 0.468 | dt: 243731ms
step    24 | loss: 0.0407 | pg: 0.0406 | kl: 0.0001 | clip: 0.007 | reward: -2.8832 | lr: 1.67e-07 | norm: 0.457 | dt: 155636ms
step    25 | loss: 0.1139 | pg: 0.1138 | kl: 0.0003 | clip: 0.009 | reward: -2.9324 | lr: 1.73e-07 | norm: 0.619 | dt: 337876ms
step    26 | loss: 0.0241 | pg: 0.0240 | kl: 0.0002 | clip: 0.006 | reward: -2.7370 | lr: 1.80e-07 | norm: 0.486 | dt: 231191ms
step    27 | loss: 0.0174 | pg: 0.0173 | kl: 0.0003 | clip: 0.006 | reward: -2.9037 | lr: 1.87e-07 | norm: 0.599 | dt: 330051ms
step    28 | loss: 0.0215 | pg: 0.0214 | kl: 0.0002 | clip: 0.006 | reward: -2.3511 | lr: 1.93e-07 | norm: 0.477 | dt: 277179ms
step    29 | loss: 0.0150 | pg: 0.0149 | kl: 0.0003 | clip: 0.005 | reward: -2.8471 | lr: 2.00e-07 | norm: 0.601 | dt: 272432ms
step    30 | loss: -0.0113 | pg: -0.0114 | kl: 0.0002 | clip: 0.007 | reward: -1.2915 | lr: 2.07e-07 | norm: 0.414 | dt: 114710ms
step    31 | loss: 0.0550 | pg: 0.0549 | kl: 0.0002 | clip: 0.009 | reward: -2.0994 | lr: 2.13e-07 | norm: 0.495 | dt: 299873ms
step    32 | loss: 0.0352 | pg: 0.0351 | kl: 0.0002 | clip: 0.007 | reward: -2.0662 | lr: 2.20e-07 | norm: 0.486 | dt: 232580ms
step    33 | loss: 0.0090 | pg: 0.0089 | kl: 0.0001 | clip: 0.008 | reward: -1.8883 | lr: 2.27e-07 | norm: 0.267 | dt: 113372ms
step    34 | loss: 0.0102 | pg: 0.0102 | kl: 0.0002 | clip: 0.005 | reward: -2.8124 | lr: 2.33e-07 | norm: 0.471 | dt: 208973ms
step    35 | loss: 0.0225 | pg: 0.0224 | kl: 0.0003 | clip: 0.005 | reward: -4.3194 | lr: 2.40e-07 | norm: 0.536 | dt: 237531ms
step    36 | loss: 0.0138 | pg: 0.0137 | kl: 0.0003 | clip: 0.007 | reward: -2.1418 | lr: 2.47e-07 | norm: 0.587 | dt: 286181ms
step    37 | loss: 0.0247 | pg: 0.0246 | kl: 0.0003 | clip: 0.006 | reward: -3.5892 | lr: 2.53e-07 | norm: 0.473 | dt: 292641ms
step    38 | loss: 0.0022 | pg: 0.0020 | kl: 0.0004 | clip: 0.006 | reward: -2.4852 | lr: 2.60e-07 | norm: 0.605 | dt: 394124ms
step    39 | loss: 0.0702 | pg: 0.0701 | kl: 0.0003 | clip: 0.007 | reward: -2.2042 | lr: 2.67e-07 | norm: 0.658 | dt: 291719ms
step    40 | loss: 0.0234 | pg: 0.0233 | kl: 0.0003 | clip: 0.007 | reward: -2.5630 | lr: 2.73e-07 | norm: 0.528 | dt: 244917ms
step    41 | loss: 0.0615 | pg: 0.0614 | kl: 0.0003 | clip: 0.008 | reward: -3.5513 | lr: 2.80e-07 | norm: 0.485 | dt: 223514ms
step    42 | loss: 0.0027 | pg: 0.0026 | kl: 0.0003 | clip: 0.005 | reward: -3.3744 | lr: 2.87e-07 | norm: 0.526 | dt: 272739ms
step    43 | loss: 0.0025 | pg: 0.0024 | kl: 0.0001 | clip: 0.004 | reward: -2.6807 | lr: 2.93e-07 | norm: 0.340 | dt: 190903ms
step    44 | loss: 0.0192 | pg: 0.0190 | kl: 0.0004 | clip: 0.008 | reward: -3.9918 | lr: 3.00e-07 | norm: 0.569 | dt: 295246ms
step    45 | loss: 0.0214 | pg: 0.0212 | kl: 0.0004 | clip: 0.005 | reward: -3.9735 | lr: 3.07e-07 | norm: 0.584 | dt: 332033ms
step    46 | loss: 0.1145 | pg: 0.1143 | kl: 0.0004 | clip: 0.006 | reward: -3.7007 | lr: 3.13e-07 | norm: 0.613 | dt: 298738ms
step    47 | loss: 0.0443 | pg: 0.0443 | kl: 0.0002 | clip: 0.004 | reward: -2.4606 | lr: 3.20e-07 | norm: 0.351 | dt: 112373ms
step    48 | loss: 0.0506 | pg: 0.0504 | kl: 0.0004 | clip: 0.010 | reward: -2.2695 | lr: 3.27e-07 | norm: 0.671 | dt: 284547ms
step    49 | loss: 0.0048 | pg: 0.0047 | kl: 0.0003 | clip: 0.008 | reward: -2.5707 | lr: 3.33e-07 | norm: 0.452 | dt: 214505ms
step    50 | loss: 0.0825 | pg: 0.0823 | kl: 0.0005 | clip: 0.011 | reward: -2.7307 | lr: 3.40e-07 | norm: 0.511 | dt: 240274ms
step    51 | loss: 0.0239 | pg: 0.0237 | kl: 0.0003 | clip: 0.008 | reward: -1.4701 | lr: 3.47e-07 | norm: 0.472 | dt: 327721ms
step    52 | loss: 0.0609 | pg: 0.0608 | kl: 0.0004 | clip: 0.006 | reward: -4.0302 | lr: 3.53e-07 | norm: 0.445 | dt: 279766ms
step    53 | loss: -0.0096 | pg: -0.0097 | kl: 0.0004 | clip: 0.004 | reward: -3.2113 | lr: 3.60e-07 | norm: 0.506 | dt: 226894ms
step    54 | loss: -0.0014 | pg: -0.0016 | kl: 0.0005 | clip: 0.009 | reward: -2.4974 | lr: 3.67e-07 | norm: 0.564 | dt: 278359ms
step    55 | loss: 0.0716 | pg: 0.0714 | kl: 0.0006 | clip: 0.006 | reward: -3.3850 | lr: 3.73e-07 | norm: 0.654 | dt: 328206ms
step    56 | loss: 0.0318 | pg: 0.0317 | kl: 0.0004 | clip: 0.006 | reward: -3.4146 | lr: 3.80e-07 | norm: 0.446 | dt: 186238ms
step    57 | loss: 0.0909 | pg: 0.0905 | kl: 0.0008 | clip: 0.006 | reward: -3.9582 | lr: 3.87e-07 | norm: 0.549 | dt: 215272ms
step    58 | loss: -0.0182 | pg: -0.0184 | kl: 0.0004 | clip: 0.011 | reward: -2.1846 | lr: 3.93e-07 | norm: 0.520 | dt: 201542ms
step    59 | loss: -0.0395 | pg: -0.0397 | kl: 0.0005 | clip: 0.006 | reward: -3.5245 | lr: 4.00e-07 | norm: 0.563 | dt: 280851ms
step    60 | loss: 0.0388 | pg: 0.0387 | kl: 0.0002 | clip: 0.005 | reward: -2.9363 | lr: 4.07e-07 | norm: 0.344 | dt: 112178ms
step    61 | loss: -0.0040 | pg: -0.0040 | kl: 0.0001 | clip: 0.004 | reward: -3.1844 | lr: 4.13e-07 | norm: 0.363 | dt: 164147ms
step    62 | loss: 0.0564 | pg: 0.0562 | kl: 0.0004 | clip: 0.006 | reward: -3.6385 | lr: 4.20e-07 | norm: 0.404 | dt: 307598ms
step    63 | loss: -0.0221 | pg: -0.0223 | kl: 0.0006 | clip: 0.007 | reward: -4.5807 | lr: 4.27e-07 | norm: 0.608 | dt: 279839ms
step    64 | loss: 0.0294 | pg: 0.0292 | kl: 0.0005 | clip: 0.005 | reward: -2.7244 | lr: 4.33e-07 | norm: 0.490 | dt: 280606ms
step    65 | loss: 0.0856 | pg: 0.0854 | kl: 0.0006 | clip: 0.008 | reward: -3.4344 | lr: 4.40e-07 | norm: 0.485 | dt: 278204ms
step    66 | loss: 0.0601 | pg: 0.0598 | kl: 0.0006 | clip: 0.006 | reward: -3.6748 | lr: 4.47e-07 | norm: 0.637 | dt: 365528ms
step    67 | loss: 0.0438 | pg: 0.0436 | kl: 0.0005 | clip: 0.008 | reward: -3.1814 | lr: 4.53e-07 | norm: 0.508 | dt: 181741ms
step    68 | loss: 0.0203 | pg: 0.0202 | kl: 0.0003 | clip: 0.009 | reward: -3.0987 | lr: 4.60e-07 | norm: 0.456 | dt: 133371ms
step    69 | loss: 0.0915 | pg: 0.0912 | kl: 0.0007 | clip: 0.006 | reward: -2.6855 | lr: 4.67e-07 | norm: 0.609 | dt: 368211ms
step    70 | loss: 0.0268 | pg: 0.0264 | kl: 0.0010 | clip: 0.009 | reward: -1.8191 | lr: 4.73e-07 | norm: 0.691 | dt: 373646ms
step    71 | loss: 0.0194 | pg: 0.0192 | kl: 0.0005 | clip: 0.009 | reward: -2.7582 | lr: 4.80e-07 | norm: 0.424 | dt: 189688ms
step    72 | loss: 0.0309 | pg: 0.0307 | kl: 0.0006 | clip: 0.007 | reward: 0.1523 | lr: 4.87e-07 | norm: 0.623 | dt: 220183ms
step    73 | loss: 0.0370 | pg: 0.0368 | kl: 0.0005 | clip: 0.008 | reward: -3.4958 | lr: 4.93e-07 | norm: 0.506 | dt: 213217ms
step    74 | loss: 0.0093 | pg: 0.0091 | kl: 0.0005 | clip: 0.006 | reward: -0.6282 | lr: 5.00e-07 | norm: 0.492 | dt: 172493ms
step    75 | loss: 0.0109 | pg: 0.0107 | kl: 0.0006 | clip: 0.004 | reward: -3.5486 | lr: 5.07e-07 | norm: 0.549 | dt: 284792ms
step    76 | loss: 0.0620 | pg: 0.0618 | kl: 0.0004 | clip: 0.006 | reward: -2.5504 | lr: 5.13e-07 | norm: 0.383 | dt: 233027ms
step    77 | loss: 0.0375 | pg: 0.0372 | kl: 0.0006 | clip: 0.005 | reward: -2.6823 | lr: 5.20e-07 | norm: 0.582 | dt: 328676ms
step    78 | loss: -0.0027 | pg: -0.0031 | kl: 0.0009 | clip: 0.008 | reward: -2.6851 | lr: 5.27e-07 | norm: 0.622 | dt: 287831ms
step    79 | loss: -0.0029 | pg: -0.0032 | kl: 0.0007 | clip: 0.006 | reward: -1.6375 | lr: 5.33e-07 | norm: 0.623 | dt: 287076ms
step    80 | loss: 0.0346 | pg: 0.0342 | kl: 0.0010 | clip: 0.008 | reward: -3.8504 | lr: 5.40e-07 | norm: 0.660 | dt: 306013ms
step    81 | loss: -0.0396 | pg: -0.0397 | kl: 0.0004 | clip: 0.004 | reward: -1.9323 | lr: 5.47e-07 | norm: 0.349 | dt: 103459ms
step    82 | loss: 0.0759 | pg: 0.0753 | kl: 0.0014 | clip: 0.007 | reward: -1.0301 | lr: 5.53e-07 | norm: 0.741 | dt: 382779ms
step    83 | loss: 0.0366 | pg: 0.0363 | kl: 0.0006 | clip: 0.008 | reward: -2.0892 | lr: 5.60e-07 | norm: 0.520 | dt: 187779ms
step    84 | loss: 0.0679 | pg: 0.0675 | kl: 0.0012 | clip: 0.008 | reward: -2.4695 | lr: 5.67e-07 | norm: 0.440 | dt: 213496ms
step    85 | loss: 0.0559 | pg: 0.0558 | kl: 0.0004 | clip: 0.010 | reward: -1.3391 | lr: 5.73e-07 | norm: 0.458 | dt: 199234ms
step    86 | loss: 0.0698 | pg: 0.0696 | kl: 0.0006 | clip: 0.005 | reward: -1.9732 | lr: 5.80e-07 | norm: 0.474 | dt: 188863ms
step    87 | loss: 0.0720 | pg: 0.0716 | kl: 0.0010 | clip: 0.007 | reward: -2.5891 | lr: 5.87e-07 | norm: 0.648 | dt: 336441ms
step    88 | loss: -0.0130 | pg: -0.0132 | kl: 0.0006 | clip: 0.007 | reward: -2.4281 | lr: 5.93e-07 | norm: 0.431 | dt: 284030ms
step    89 | loss: 0.0214 | pg: 0.0209 | kl: 0.0012 | clip: 0.005 | reward: -2.0598 | lr: 6.00e-07 | norm: 1.360 | dt: 275568ms
step    90 | loss: 0.0478 | pg: 0.0473 | kl: 0.0013 | clip: 0.009 | reward: -2.9233 | lr: 6.07e-07 | norm: 0.614 | dt: 310413ms
step    91 | loss: 0.0249 | pg: 0.0246 | kl: 0.0008 | clip: 0.009 | reward: -1.1556 | lr: 6.13e-07 | norm: 0.439 | dt: 141850ms
step    92 | loss: 0.0484 | pg: 0.0481 | kl: 0.0006 | clip: 0.007 | reward: -2.2960 | lr: 6.20e-07 | norm: 0.377 | dt: 174568ms
step    93 | loss: 0.0240 | pg: 0.0237 | kl: 0.0009 | clip: 0.009 | reward: -3.2671 | lr: 6.27e-07 | norm: 0.404 | dt: 226108ms
step    94 | loss: 0.0431 | pg: 0.0427 | kl: 0.0011 | clip: 0.006 | reward: -1.6574 | lr: 6.33e-07 | norm: 0.592 | dt: 236703ms
step    95 | loss: 0.0181 | pg: 0.0179 | kl: 0.0006 | clip: 0.007 | reward: -2.6768 | lr: 6.40e-07 | norm: 0.443 | dt: 131405ms
step    96 | loss: 0.0463 | pg: 0.0457 | kl: 0.0013 | clip: 0.006 | reward: -2.9303 | lr: 6.47e-07 | norm: 0.558 | dt: 259370ms
step    97 | loss: 0.0602 | pg: 0.0595 | kl: 0.0018 | clip: 0.010 | reward: -3.3213 | lr: 6.53e-07 | norm: 0.628 | dt: 377088ms
step    98 | loss: 0.0348 | pg: 0.0344 | kl: 0.0010 | clip: 0.005 | reward: -2.8059 | lr: 6.60e-07 | norm: 0.451 | dt: 206298ms
step    99 | loss: 0.0142 | pg: 0.0139 | kl: 0.0007 | clip: 0.004 | reward: -2.2532 | lr: 6.67e-07 | norm: 0.426 | dt: 251094ms
step   100 | loss: 0.0606 | pg: 0.0600 | kl: 0.0015 | clip: 0.008 | reward: -3.2768 | lr: 6.73e-07 | norm: 0.516 | dt: 239625ms
step   101 | loss: -0.0049 | pg: -0.0053 | kl: 0.0010 | clip: 0.008 | reward: -1.3299 | lr: 6.80e-07 | norm: 0.496 | dt: 332485ms
step   102 | loss: 0.0006 | pg: 0.0001 | kl: 0.0012 | clip: 0.007 | reward: -1.9075 | lr: 6.87e-07 | norm: 0.534 | dt: 291575ms
step   103 | loss: 0.0099 | pg: 0.0096 | kl: 0.0008 | clip: 0.009 | reward: -2.7415 | lr: 6.93e-07 | norm: 0.397 | dt: 178217ms
step   104 | loss: 0.0108 | pg: 0.0106 | kl: 0.0007 | clip: 0.008 | reward: -2.7229 | lr: 7.00e-07 | norm: 0.426 | dt: 102720ms
step   105 | loss: 0.0778 | pg: 0.0772 | kl: 0.0015 | clip: 0.008 | reward: -2.2452 | lr: 7.07e-07 | norm: 0.698 | dt: 432912ms
step   106 | loss: 0.0144 | pg: 0.0139 | kl: 0.0013 | clip: 0.009 | reward: -2.5045 | lr: 7.13e-07 | norm: 0.603 | dt: 352036ms
step   107 | loss: 0.0717 | pg: 0.0714 | kl: 0.0009 | clip: 0.008 | reward: -2.2278 | lr: 7.20e-07 | norm: 0.446 | dt: 214035ms
step   108 | loss: 0.0283 | pg: 0.0278 | kl: 0.0014 | clip: 0.008 | reward: -1.7381 | lr: 7.27e-07 | norm: 0.598 | dt: 307212ms
step   109 | loss: 0.0137 | pg: 0.0133 | kl: 0.0011 | clip: 0.007 | reward: -1.8099 | lr: 7.33e-07 | norm: 0.386 | dt: 151478ms
step   110 | loss: 0.0006 | pg: -0.0001 | kl: 0.0017 | clip: 0.007 | reward: -1.2516 | lr: 7.40e-07 | norm: 0.660 | dt: 367723ms
step   111 | loss: 0.0489 | pg: 0.0484 | kl: 0.0011 | clip: 0.011 | reward: -1.8665 | lr: 7.47e-07 | norm: 0.501 | dt: 211965ms
step   112 | loss: 0.0126 | pg: 0.0119 | kl: 0.0019 | clip: 0.008 | reward: -3.3247 | lr: 7.53e-07 | norm: 0.490 | dt: 281213ms
step   113 | loss: 0.0998 | pg: 0.0994 | kl: 0.0010 | clip: 0.006 | reward: -1.2526 | lr: 7.60e-07 | norm: 0.498 | dt: 221908ms
step   114 | loss: 0.0083 | pg: 0.0079 | kl: 0.0012 | clip: 0.009 | reward: -1.2065 | lr: 7.67e-07 | norm: 0.553 | dt: 272073ms
step   115 | loss: 0.0040 | pg: 0.0036 | kl: 0.0010 | clip: 0.006 | reward: -1.8832 | lr: 7.73e-07 | norm: 0.534 | dt: 195591ms
step   116 | loss: 0.0959 | pg: 0.0954 | kl: 0.0011 | clip: 0.004 | reward: -2.6084 | lr: 7.80e-07 | norm: 0.481 | dt: 262310ms
step   117 | loss: 0.0502 | pg: 0.0491 | kl: 0.0027 | clip: 0.010 | reward: -4.3244 | lr: 7.87e-07 | norm: 0.834 | dt: 383391ms
step   118 | loss: -0.0255 | pg: -0.0258 | kl: 0.0009 | clip: 0.005 | reward: -0.0896 | lr: 7.93e-07 | norm: 0.463 | dt: 273123ms
step   119 | loss: 0.0018 | pg: 0.0011 | kl: 0.0017 | clip: 0.005 | reward: -2.6062 | lr: 8.00e-07 | norm: 0.629 | dt: 217209ms
step   120 | loss: 0.0153 | pg: 0.0149 | kl: 0.0010 | clip: 0.008 | reward: -3.0910 | lr: 8.07e-07 | norm: 0.319 | dt: 73441ms
step   121 | loss: 0.0627 | pg: 0.0620 | kl: 0.0018 | clip: 0.007 | reward: -2.5550 | lr: 8.13e-07 | norm: 0.644 | dt: 369302ms
step   122 | loss: 0.0660 | pg: 0.0651 | kl: 0.0021 | clip: 0.008 | reward: -3.6649 | lr: 8.20e-07 | norm: 0.460 | dt: 246907ms
step   123 | loss: 0.0902 | pg: 0.0896 | kl: 0.0016 | clip: 0.004 | reward: -1.6470 | lr: 8.27e-07 | norm: 0.570 | dt: 273383ms
step   124 | loss: 0.0186 | pg: 0.0182 | kl: 0.0010 | clip: 0.005 | reward: -1.3596 | lr: 8.33e-07 | norm: 0.515 | dt: 117926ms
step   125 | loss: 0.0233 | pg: 0.0229 | kl: 0.0010 | clip: 0.005 | reward: -1.9352 | lr: 8.40e-07 | norm: 0.492 | dt: 287657ms
step   126 | loss: 0.0381 | pg: 0.0374 | kl: 0.0018 | clip: 0.008 | reward: -3.1962 | lr: 8.47e-07 | norm: 0.597 | dt: 205833ms
step   127 | loss: 0.0220 | pg: 0.0209 | kl: 0.0026 | clip: 0.010 | reward: -2.9484 | lr: 8.53e-07 | norm: 0.527 | dt: 191349ms
step   128 | loss: 0.0237 | pg: 0.0230 | kl: 0.0018 | clip: 0.008 | reward: -1.7743 | lr: 8.60e-07 | norm: 0.509 | dt: 353269ms
step   129 | loss: 0.0604 | pg: 0.0600 | kl: 0.0010 | clip: 0.004 | reward: -1.6869 | lr: 8.67e-07 | norm: 0.422 | dt: 156880ms
step   130 | loss: 0.0331 | pg: 0.0322 | kl: 0.0022 | clip: 0.005 | reward: -2.5826 | lr: 8.73e-07 | norm: 0.562 | dt: 203168ms
step   131 | loss: -0.0189 | pg: -0.0193 | kl: 0.0011 | clip: 0.004 | reward: -3.4323 | lr: 8.80e-07 | norm: 0.361 | dt: 155294ms
step   132 | loss: -0.0045 | pg: -0.0052 | kl: 0.0018 | clip: 0.005 | reward: -1.0152 | lr: 8.87e-07 | norm: 0.545 | dt: 232591ms
step   133 | loss: 0.0190 | pg: 0.0181 | kl: 0.0022 | clip: 0.007 | reward: 0.2831 | lr: 8.93e-07 | norm: 0.607 | dt: 370518ms
step   134 | loss: 0.0083 | pg: 0.0081 | kl: 0.0007 | clip: 0.003 | reward: -2.2174 | lr: 9.00e-07 | norm: 0.364 | dt: 103055ms
step   135 | loss: 0.0429 | pg: 0.0420 | kl: 0.0023 | clip: 0.008 | reward: -2.8927 | lr: 9.07e-07 | norm: 0.592 | dt: 275204ms
step   136 | loss: 0.0191 | pg: 0.0180 | kl: 0.0027 | clip: 0.009 | reward: -1.2274 | lr: 9.13e-07 | norm: 0.601 | dt: 305855ms
step   137 | loss: 0.0399 | pg: 0.0393 | kl: 0.0015 | clip: 0.005 | reward: -2.3490 | lr: 9.20e-07 | norm: 0.528 | dt: 271389ms
step   138 | loss: -0.0415 | pg: -0.0423 | kl: 0.0021 | clip: 0.005 | reward: -1.7708 | lr: 9.27e-07 | norm: 0.636 | dt: 308667ms
step   139 | loss: -0.0484 | pg: -0.0493 | kl: 0.0023 | clip: 0.007 | reward: -3.1699 | lr: 9.33e-07 | norm: 0.598 | dt: 318686ms
step   140 | loss: 0.0298 | pg: 0.0291 | kl: 0.0016 | clip: 0.007 | reward: -2.1154 | lr: 9.40e-07 | norm: 0.493 | dt: 159231ms
step   141 | loss: 0.0194 | pg: 0.0190 | kl: 0.0009 | clip: 0.008 | reward: -0.6299 | lr: 9.47e-07 | norm: 0.451 | dt: 107405ms
step   142 | loss: 0.0810 | pg: 0.0801 | kl: 0.0024 | clip: 0.009 | reward: -1.1863 | lr: 9.53e-07 | norm: 0.723 | dt: 486220ms
step   143 | loss: 0.0447 | pg: 0.0439 | kl: 0.0019 | clip: 0.007 | reward: -3.9974 | lr: 9.60e-07 | norm: 0.482 | dt: 315931ms
step   144 | loss: 0.0470 | pg: 0.0465 | kl: 0.0012 | clip: 0.006 | reward: -1.7509 | lr: 9.67e-07 | norm: 0.402 | dt: 206173ms
step   145 | loss: 0.0403 | pg: 0.0392 | kl: 0.0029 | clip: 0.009 | reward: -2.3716 | lr: 9.73e-07 | norm: 0.708 | dt: 354193ms
step   146 | loss: 0.0412 | pg: 0.0405 | kl: 0.0018 | clip: 0.008 | reward: -1.4232 | lr: 9.80e-07 | norm: 0.562 | dt: 330115ms
step   147 | loss: 0.0292 | pg: 0.0283 | kl: 0.0022 | clip: 0.010 | reward: -1.4245 | lr: 9.87e-07 | norm: 0.556 | dt: 294956ms
step   148 | loss: 0.0918 | pg: 0.0909 | kl: 0.0023 | clip: 0.010 | reward: -2.3321 | lr: 9.93e-07 | norm: 0.685 | dt: 329809ms
step   149 | loss: 0.0342 | pg: 0.0336 | kl: 0.0013 | clip: 0.004 | reward: -0.8019 | lr: 1.00e-06 | norm: 0.443 | dt: 239594ms
step   150 | loss: 0.0208 | pg: 0.0202 | kl: 0.0014 | clip: 0.011 | reward: -3.2734 | lr: 1.01e-06 | norm: 0.520 | dt: 208214ms
step   151 | loss: -0.0005 | pg: -0.0006 | kl: 0.0002 | clip: 0.006 | reward: -2.7071 | lr: 1.01e-06 | norm: 0.213 | dt: 9224ms
step   152 | loss: 0.0685 | pg: 0.0674 | kl: 0.0027 | clip: 0.009 | reward: -2.9483 | lr: 1.02e-06 | norm: 0.538 | dt: 292335ms
step   153 | loss: -0.0040 | pg: -0.0050 | kl: 0.0023 | clip: 0.009 | reward: -3.7255 | lr: 1.03e-06 | norm: 0.562 | dt: 248517ms
step   154 | loss: 0.0255 | pg: 0.0249 | kl: 0.0016 | clip: 0.007 | reward: -0.0922 | lr: 1.03e-06 | norm: 0.532 | dt: 235844ms
step   155 | loss: 0.0537 | pg: 0.0524 | kl: 0.0034 | clip: 0.007 | reward: -3.0099 | lr: 1.04e-06 | norm: 0.387 | dt: 262256ms
step   156 | loss: 0.0457 | pg: 0.0453 | kl: 0.0008 | clip: 0.005 | reward: -1.7282 | lr: 1.05e-06 | norm: 0.416 | dt: 169587ms
step   157 | loss: 0.0406 | pg: 0.0397 | kl: 0.0023 | clip: 0.009 | reward: -1.6585 | lr: 1.05e-06 | norm: 0.443 | dt: 241675ms
step   158 | loss: 0.0037 | pg: 0.0028 | kl: 0.0024 | clip: 0.007 | reward: -1.9096 | lr: 1.06e-06 | norm: 0.558 | dt: 239897ms
step   159 | loss: 0.0667 | pg: 0.0658 | kl: 0.0024 | clip: 0.008 | reward: -2.6126 | lr: 1.07e-06 | norm: 0.540 | dt: 288697ms
step   160 | loss: 0.0184 | pg: 0.0170 | kl: 0.0034 | clip: 0.008 | reward: -3.0917 | lr: 1.07e-06 | norm: 0.723 | dt: 375836ms
step   161 | loss: 0.0534 | pg: 0.0520 | kl: 0.0034 | clip: 0.008 | reward: -3.7895 | lr: 1.08e-06 | norm: 0.468 | dt: 399420ms
step   162 | loss: 0.0229 | pg: 0.0221 | kl: 0.0021 | clip: 0.006 | reward: -2.5540 | lr: 1.09e-06 | norm: 0.298 | dt: 230486ms
step   163 | loss: 0.0056 | pg: 0.0049 | kl: 0.0018 | clip: 0.005 | reward: -3.0828 | lr: 1.09e-06 | norm: 0.384 | dt: 112426ms
step   164 | loss: 0.0484 | pg: 0.0476 | kl: 0.0021 | clip: 0.007 | reward: -1.8472 | lr: 1.10e-06 | norm: 0.386 | dt: 234034ms
step   165 | loss: 0.0013 | pg: -0.0008 | kl: 0.0054 | clip: 0.006 | reward: -1.6874 | lr: 1.11e-06 | norm: 0.580 | dt: 289321ms
step   166 | loss: 0.0078 | pg: 0.0065 | kl: 0.0033 | clip: 0.008 | reward: -2.3847 | lr: 1.11e-06 | norm: 0.620 | dt: 261457ms
step   167 | loss: 0.0245 | pg: 0.0232 | kl: 0.0031 | clip: 0.007 | reward: -3.0020 | lr: 1.12e-06 | norm: 0.548 | dt: 377454ms
step   168 | loss: 0.0063 | pg: 0.0053 | kl: 0.0024 | clip: 0.005 | reward: -3.0775 | lr: 1.13e-06 | norm: 0.447 | dt: 177031ms
step   169 | loss: -0.0369 | pg: -0.0384 | kl: 0.0037 | clip: 0.009 | reward: -3.4279 | lr: 1.13e-06 | norm: 0.624 | dt: 373437ms
step   170 | loss: 0.0590 | pg: 0.0581 | kl: 0.0022 | clip: 0.011 | reward: -1.7230 | lr: 1.14e-06 | norm: 0.462 | dt: 291388ms
step   171 | loss: 0.0131 | pg: 0.0111 | kl: 0.0049 | clip: 0.009 | reward: -3.0804 | lr: 1.15e-06 | norm: 0.780 | dt: 395995ms
step   172 | loss: 0.0723 | pg: 0.0713 | kl: 0.0025 | clip: 0.007 | reward: -2.6952 | lr: 1.15e-06 | norm: 0.487 | dt: 261449ms
step   173 | loss: 0.0647 | pg: 0.0628 | kl: 0.0049 | clip: 0.007 | reward: -2.6296 | lr: 1.16e-06 | norm: 0.565 | dt: 296469ms
step   174 | loss: -0.0084 | pg: -0.0087 | kl: 0.0008 | clip: 0.005 | reward: -1.0137 | lr: 1.17e-06 | norm: 0.261 | dt: 23977ms
step   175 | loss: 0.0419 | pg: 0.0408 | kl: 0.0029 | clip: 0.011 | reward: -3.0486 | lr: 1.17e-06 | norm: 0.548 | dt: 321113ms
step   176 | loss: 0.0792 | pg: 0.0772 | kl: 0.0051 | clip: 0.007 | reward: -3.3461 | lr: 1.18e-06 | norm: 0.588 | dt: 316632ms
step   177 | loss: 0.1089 | pg: 0.1077 | kl: 0.0029 | clip: 0.008 | reward: -2.0322 | lr: 1.19e-06 | norm: 0.522 | dt: 310768ms
step   178 | loss: -0.0359 | pg: -0.0368 | kl: 0.0021 | clip: 0.009 | reward: -0.0918 | lr: 1.19e-06 | norm: 0.493 | dt: 283741ms
step   179 | loss: 0.0066 | pg: 0.0056 | kl: 0.0026 | clip: 0.009 | reward: -0.9620 | lr: 1.20e-06 | norm: 0.579 | dt: 305792ms
step   180 | loss: -0.0336 | pg: -0.0348 | kl: 0.0030 | clip: 0.006 | reward: -3.6374 | lr: 1.21e-06 | norm: 0.555 | dt: 274717ms
step   181 | loss: -0.0360 | pg: -0.0381 | kl: 0.0051 | clip: 0.013 | reward: -2.7412 | lr: 1.21e-06 | norm: 0.593 | dt: 294211ms
step   182 | loss: 0.0231 | pg: 0.0216 | kl: 0.0037 | clip: 0.010 | reward: -1.2953 | lr: 1.22e-06 | norm: 0.563 | dt: 477898ms
step   183 | loss: 0.0190 | pg: 0.0175 | kl: 0.0036 | clip: 0.010 | reward: -2.2128 | lr: 1.23e-06 | norm: 0.579 | dt: 232676ms
step   184 | loss: 0.0204 | pg: 0.0191 | kl: 0.0035 | clip: 0.006 | reward: -3.1542 | lr: 1.23e-06 | norm: 0.662 | dt: 292882ms
step   185 | loss: 0.0384 | pg: 0.0373 | kl: 0.0026 | clip: 0.008 | reward: -1.6476 | lr: 1.24e-06 | norm: 0.618 | dt: 383812ms
step   186 | loss: 0.0072 | pg: 0.0064 | kl: 0.0021 | clip: 0.007 | reward: -3.2024 | lr: 1.25e-06 | norm: 0.449 | dt: 157444ms
step   187 | loss: 0.0468 | pg: 0.0460 | kl: 0.0019 | clip: 0.008 | reward: -1.2990 | lr: 1.25e-06 | norm: 0.477 | dt: 316673ms
step   188 | loss: -0.0237 | pg: -0.0248 | kl: 0.0026 | clip: 0.006 | reward: 0.0952 | lr: 1.26e-06 | norm: 0.596 | dt: 287494ms
step   189 | loss: 0.0161 | pg: 0.0151 | kl: 0.0026 | clip: 0.008 | reward: -0.7440 | lr: 1.27e-06 | norm: 0.540 | dt: 235534ms
step   190 | loss: 0.0175 | pg: 0.0157 | kl: 0.0045 | clip: 0.010 | reward: -2.6563 | lr: 1.27e-06 | norm: 0.436 | dt: 105152ms
step   191 | loss: 0.0537 | pg: 0.0524 | kl: 0.0033 | clip: 0.005 | reward: -3.2996 | lr: 1.28e-06 | norm: 0.526 | dt: 202986ms
step   192 | loss: -0.0037 | pg: -0.0046 | kl: 0.0021 | clip: 0.008 | reward: -0.8444 | lr: 1.29e-06 | norm: 0.540 | dt: 282779ms
step   193 | loss: -0.0208 | pg: -0.0216 | kl: 0.0020 | clip: 0.004 | reward: -0.2052 | lr: 1.29e-06 | norm: 0.438 | dt: 212016ms
step   194 | loss: 0.0589 | pg: 0.0583 | kl: 0.0016 | clip: 0.007 | reward: -2.3050 | lr: 1.30e-06 | norm: 0.464 | dt: 130373ms
step   195 | loss: 0.0193 | pg: 0.0183 | kl: 0.0026 | clip: 0.009 | reward: -2.0920 | lr: 1.31e-06 | norm: 0.606 | dt: 290675ms
step   196 | loss: 0.0971 | pg: 0.0960 | kl: 0.0025 | clip: 0.008 | reward: -1.7564 | lr: 1.31e-06 | norm: 0.413 | dt: 216279ms
step   197 | loss: 0.0046 | pg: 0.0034 | kl: 0.0028 | clip: 0.007 | reward: -2.8444 | lr: 1.32e-06 | norm: 0.587 | dt: 366906ms
step   198 | loss: 0.0410 | pg: 0.0404 | kl: 0.0015 | clip: 0.010 | reward: -2.0945 | lr: 1.33e-06 | norm: 0.385 | dt: 208485ms
step   199 | loss: 0.0853 | pg: 0.0838 | kl: 0.0038 | clip: 0.006 | reward: -3.0789 | lr: 1.33e-06 | norm: 0.526 | dt: 289658ms
step   200 | loss: -0.0015 | pg: -0.0022 | kl: 0.0017 | clip: 0.006 | reward: -0.7453 | lr: 1.34e-06 | norm: 0.478 | dt: 301082ms
step   201 | loss: 0.0024 | pg: 0.0012 | kl: 0.0031 | clip: 0.006 | reward: -0.1448 | lr: 1.35e-06 | norm: 0.618 | dt: 331079ms
step   202 | loss: 0.0150 | pg: 0.0140 | kl: 0.0026 | clip: 0.011 | reward: -2.0756 | lr: 1.35e-06 | norm: 0.565 | dt: 201350ms
step   203 | loss: -0.0219 | pg: -0.0230 | kl: 0.0028 | clip: 0.006 | reward: -0.6647 | lr: 1.36e-06 | norm: 0.522 | dt: 279842ms
step   204 | loss: -0.0220 | pg: -0.0233 | kl: 0.0032 | clip: 0.007 | reward: -2.3788 | lr: 1.37e-06 | norm: 0.627 | dt: 419319ms
step   205 | loss: 0.0275 | pg: 0.0265 | kl: 0.0024 | clip: 0.007 | reward: -3.1418 | lr: 1.37e-06 | norm: 0.423 | dt: 207916ms
step   206 | loss: 0.0713 | pg: 0.0704 | kl: 0.0022 | clip: 0.008 | reward: -2.8210 | lr: 1.38e-06 | norm: 0.393 | dt: 163420ms
step   207 | loss: -0.0035 | pg: -0.0045 | kl: 0.0027 | clip: 0.006 | reward: -0.6018 | lr: 1.39e-06 | norm: 0.633 | dt: 283976ms
step   208 | loss: -0.0150 | pg: -0.0159 | kl: 0.0022 | clip: 0.004 | reward: -1.9176 | lr: 1.39e-06 | norm: 0.491 | dt: 249069ms
step   209 | loss: 0.0082 | pg: 0.0075 | kl: 0.0017 | clip: 0.010 | reward: -1.9510 | lr: 1.40e-06 | norm: 0.508 | dt: 204180ms
step   210 | loss: -0.0772 | pg: -0.0778 | kl: 0.0017 | clip: 0.008 | reward: -1.4096 | lr: 1.41e-06 | norm: 0.458 | dt: 214680ms
step   211 | loss: 0.0902 | pg: 0.0874 | kl: 0.0070 | clip: 0.009 | reward: -2.7337 | lr: 1.41e-06 | norm: 0.657 | dt: 379351ms
step   212 | loss: 0.0561 | pg: 0.0547 | kl: 0.0036 | clip: 0.011 | reward: -1.3645 | lr: 1.42e-06 | norm: 0.580 | dt: 292921ms
step   213 | loss: 0.0640 | pg: 0.0628 | kl: 0.0030 | clip: 0.009 | reward: -4.8473 | lr: 1.43e-06 | norm: 0.464 | dt: 261686ms
step   214 | loss: -0.0089 | pg: -0.0101 | kl: 0.0029 | clip: 0.009 | reward: -0.9475 | lr: 1.43e-06 | norm: 0.564 | dt: 327299ms
step   215 | loss: -0.0012 | pg: -0.0024 | kl: 0.0030 | clip: 0.008 | reward: -1.6321 | lr: 1.44e-06 | norm: 0.617 | dt: 353396ms
step   216 | loss: -0.0215 | pg: -0.0227 | kl: 0.0029 | clip: 0.008 | reward: -2.3827 | lr: 1.45e-06 | norm: 0.553 | dt: 257614ms
step   217 | loss: 0.0859 | pg: 0.0842 | kl: 0.0043 | clip: 0.007 | reward: -1.6777 | lr: 1.45e-06 | norm: 0.577 | dt: 292159ms
step   218 | loss: -0.0230 | pg: -0.0244 | kl: 0.0036 | clip: 0.008 | reward: -4.6962 | lr: 1.46e-06 | norm: 0.565 | dt: 377614ms
step   219 | loss: 0.0504 | pg: 0.0492 | kl: 0.0031 | clip: 0.006 | reward: -0.8716 | lr: 1.47e-06 | norm: 0.591 | dt: 295042ms
step   220 | loss: 0.0326 | pg: 0.0313 | kl: 0.0032 | clip: 0.006 | reward: -1.2412 | lr: 1.47e-06 | norm: 0.527 | dt: 318098ms
step   221 | loss: -0.0207 | pg: -0.0218 | kl: 0.0028 | clip: 0.008 | reward: -1.6254 | lr: 1.48e-06 | norm: 0.585 | dt: 327235ms
